=== runCanon
   005_tomato_soup_can  15    2.2   1.2    3.2  c  0.6  r 0.99    2.3   1.2    3.3  c  0.6  r 1.00    2.0   1.2    2.8  c  0.6  r 0.98
    006_mustard_bottle  15    8.6   3.9   13.3  c 11.0  r 0.83    5.6   4.4    6.8  c 11.7  r 0.91    5.3   4.0    6.6  c 12.2  r 0.88
   010_potted_meat_can  15    3.3   2.8    3.8  c  2.2  r 1.00    4.5   4.5    4.5  c  6.3  r 1.03    3.6   3.0    4.3  c  2.1  r 0.99
            011_banana  15    8.8   6.8   10.7  c 12.4  r 0.90    8.3   3.6   13.0  c 45.0  r 0.87   10.0   4.7   15.2  c 60.9  r 0.89
   021_bleach_cleanser  15   11.4   3.5   19.3  c 15.2  r 0.80    8.5   6.1   10.9  c 23.6  r 0.86    7.3   5.3    9.4  c 18.3  r 0.88
     022_windex_bottle  15   11.5   4.0   19.0  c 15.8  r 0.80   16.1   5.7   26.4  c 62.2  r 0.95   10.2   4.7   15.7  c 20.8  r 0.83
               025_mug  15    3.4   2.0    4.8  c  4.4  r 0.92    4.7   3.2    6.2  c 19.5  r 1.03    3.3   2.0    4.5  c  4.8  r 0.92
       035_power_drill  15   13.7   3.5   23.9  c 22.9  r 0.78   14.0   4.6   23.4  c 29.5  r 0.84   12.3   4.1   20.5  c 22.8  r 0.85
       051_large_clamp  15    6.3   2.0   10.6  c 13.0  r 0.70   14.7   7.5   21.8  c 98.3  r 1.13   12.2   5.9   18.4  c 61.7  r 0.84
        061_foam_brick  15    2.7   2.0    3.4  c  3.8  r 0.99    5.0   4.1    5.8  c 10.2  r 1.11    3.0   2.0    4.1  c  2.8  r 1.01
                   ALL 150    7.2   3.2   11.2  c 10.1  r 0.87    8.4   4.5   12.2  c 30.7  r 0.97    6.9   3.7   10.2  c 20.7  r 0.91
bbox-centre error by axis, mean |dx| (depth/camera axis) |dy| (lateral) |dz| (up), mm: base: 5.4 4.8 4.8 | v1: 17.1 16.2 9.1 | v2: 10.2 12.7 5.5
=== runLat04
   005_tomato_soup_can  15    6.1   2.1   10.0  c 15.1  r 1.01    4.0   3.0    5.1  c  6.9  r 0.98    2.4   1.7    3.2  c  1.3  r 0.99
    006_mustard_bottle  15   15.1   3.4   26.9  c 29.0  r 0.68   13.2   4.6   21.9  c 35.3  r 0.74   12.8   5.6   20.1  c 30.1  r 0.78
   010_potted_meat_can  15    8.1   3.3   12.9  c 19.8  r 0.95    5.3   2.7    7.9  c  8.5  r 0.94    4.8   2.3    7.4  c  6.7  r 0.98
            011_banana  15   11.7   3.2   20.3  c 39.6  r 0.65   11.9   4.1   19.7  c 40.8  r 0.68   10.5   2.3   18.6  c 40.7  r 0.67
   021_bleach_cleanser  15   18.5   3.0   34.0  c 29.3  r 0.72   20.5   5.4   35.7  c 80.4  r 0.77   13.5   6.6   20.3  c 33.8  r 0.76
     022_windex_bottle  15   21.3   3.3   39.3  c 57.3  r 0.53   23.1   5.0   41.1  c 79.3  r 0.66   18.7   3.9   33.5  c 49.6  r 0.63
               025_mug  15    8.7   2.2   15.2  c 21.4  r 0.86    5.8   2.6    8.9  c 11.6  r 0.86    4.4   2.1    6.7  c  6.6  r 0.89
       035_power_drill  15   18.4   4.0   32.9  c 45.5  r 0.75   13.2   4.0   22.5  c 38.5  r 0.83   11.2   3.4   19.0  c 25.6  r 0.82
       051_large_clamp  15   12.1   2.6   21.6  c 37.2  r 0.61   13.9   4.6   23.3  c 58.3  r 0.74   13.3   3.9   22.8  c 50.1  r 0.69
        061_foam_brick  15    6.1   2.1   10.1  c 17.1  r 0.97    4.9   2.0    7.8  c  8.6  r 0.96    4.6   2.1    7.0  c 12.4  r 1.00
                   ALL 150   12.6   2.9   22.3  c 31.1  r 0.77   11.6   3.8   19.4  c 36.8  r 0.81    9.6   3.4   15.9  c 25.7  r 0.82
bbox-centre error by axis, mean |dx| (depth/camera axis) |dy| (lateral) |dz| (up), mm: base: 11.7 25.9 5.2 | v1: 14.9 23.5 12.3 | v2: 12.3 17.8 6.5
